// Jest Snapshot v1, https://goo.gl/fbAQLP

exports[`txtToRtfConverter should convert to expected \`rtf\` correctly 1`] = `
"{\\rtf1\\ansi\\ansicpg1252\\cocoartf2709\\cocoatextscaling0\\cocoaplatform0
{\\fonttbl\\f0\\fnil\\fcharset0 CMGSans-BoldCAPS;}
{\\colortbl;\\red255\\green255\\blue255;\\red255\\green255\\blue255;}
{\\*\\expandedcolortbl;;\\cssrgb\\c100000\\c100000\\c100000;}
\\paperw12240\\paperh15840\\vieww40760\\viewh23980\\viewkind0
\\pard\\tx560\\tx1120\\tx1680\\tx2240\\tx2800\\tx3360\\tx3920\\tx4480\\tx5040\\tx5600\\tx6160\\tx6720\\pardirnatural\\qc\\partightenfactor0

\\f0\\b\\fs140 \\cf2 \\cb3 Row 1-1\\
Row 1-2 !(),-./1234567890:;?ABCDEFGHIJKLMNOPRSTUVWXZY[\\]abcdefghijklmnopqrstuvwxyz\\uc0\\u206\\uc0\\u226\\uc0\\u238\\uc0\\u259\\uc0\\u194\\uc0\\u536\\uc0\\u537\\uc0\\u258\\uc0\\u538\\uc0\\u539\\uc0\\u8217\\uc0\\u8221\\uc0\\u8222\\
Row 1-3}
"
`;

exports[`txtToRtfConverter should convert to expected \`rtf\` correctly for edge cases 1`] = `
"{\\rtf1\\ansi\\ansicpg1252\\cocoartf2709\\cocoatextscaling0\\cocoaplatform0
{\\fonttbl\\f0\\fnil\\fcharset0 CMGSans-BoldCAPS;}
{\\colortbl;\\red255\\green255\\blue255;\\red255\\green255\\blue255;}
{\\*\\expandedcolortbl;;\\cssrgb\\c100000\\c100000\\c100000;}
\\paperw12240\\paperh15840\\vieww40760\\viewh23980\\viewkind0
\\pard\\tx560\\tx1120\\tx1680\\tx2240\\tx2800\\tx3360\\tx3920\\tx4480\\tx5040\\tx5600\\tx6160\\tx6720\\pardirnatural\\qc\\partightenfactor0

\\f0\\b\\fs140 \\cf2 \\cb3 space-not-expected-before \\uc0\\u206text\\
space-not-expected-before \\uc0\\u226text\\
space-not-expected-before \\uc0\\u238text\\
space-not-expected-before \\uc0\\u259text\\
space-not-expected-before \\uc0\\u194text\\
space-not-expected-before \\uc0\\u536text\\
space-not-expected-before \\uc0\\u537text\\
space-not-expected-before \\uc0\\u258text\\
space-not-expected-before \\uc0\\u538text\\
space-not-expected-before \\uc0\\u539text\\
space-not-expected-before -text\\
space-not-expected-before \\uc0\\u8217text\\
space-not-expected-before \\uc0\\u8221text\\
space-not-expected-before \\uc0\\u8222text\\
\\
text\\uc0\\u206  single-space-expected-after-this\\
text\\uc0\\u226  single-space-expected-after-this\\
text\\uc0\\u238  single-space-expected-after-this\\
text\\uc0\\u259  single-space-expected-after-this\\
text\\uc0\\u194  single-space-expected-after-this\\
text\\uc0\\u536  single-space-expected-after-this\\
text\\uc0\\u537  single-space-expected-after-this\\
text\\uc0\\u258  single-space-expected-after-this\\
text\\uc0\\u538  single-space-expected-after-this\\
text\\uc0\\u539  single-space-expected-after-this\\
text- single-space-expected-after-this\\
text\\uc0\\u8217  single-space-expected-after-this\\
text\\uc0\\u8221  single-space-expected-after-this\\
text\\uc0\\u8222  single-space-expected-after-this\\
\\
end-of-line-works-without-extra-space-text\\uc0\\u206\\
end-of-line-works-without-extra-space-text\\uc0\\u226\\
end-of-line-works-without-extra-space-text\\uc0\\u238\\
end-of-line-works-without-extra-space-text\\uc0\\u259\\
end-of-line-works-without-extra-space-text\\uc0\\u194\\
end-of-line-works-without-extra-space-text\\uc0\\u536\\
end-of-line-works-without-extra-space-text\\uc0\\u537\\
end-of-line-works-without-extra-space-text\\uc0\\u258\\
end-of-line-works-without-extra-space-text\\uc0\\u538\\
end-of-line-works-without-extra-space-text\\uc0\\u539\\
end-of-line-works-without-extra-space-text-\\
end-of-line-works-without-extra-space-text\\uc0\\u8217\\
end-of-line-works-without-extra-space-text\\uc0\\u8221\\
end-of-line-works-without-extra-space-text\\uc0\\u8222}
"
`;
